// Vitest Snapshot v1, https://vitest.dev/guide/snapshot.html

exports[`<NavLinks /> > should match the snapshot 1`] = `
<nav
  class="hidden md:flex items-center gap-1"
>
  <a
    class="px-4 py-2 relative rounded-lg text-sm transition-colors duration-200 hover:text-foreground/80 text-foreground font-medium"
    href="/"
  >
    Home
  </a>
  <a
    class="px-4 py-2 relative rounded-lg text-sm transition-colors duration-200 hover:text-foreground/80 text-foreground/60"
    href="/projects"
  >
    Projetos
  </a>
  <a
    class="px-4 py-2 relative rounded-lg text-sm transition-colors duration-200 hover:text-foreground/80 text-foreground/60"
    href="/about"
  >
    Sobre
  </a>
  <a
    class="px-4 py-2 relative rounded-lg text-sm transition-colors duration-200 hover:text-foreground/80 text-foreground/60"
    href="/contact"
  >
    Contato
  </a>
</nav>
`;
